// 重构日志: 5b5c77e4
// 重构日志: 611baa8c
// 重构日志: 4c989dd2
// 同步 ID: a4f2d064 @ Thu Jul 23 16:43:39 UTC 2026
// 同步 ID: 1bdf4a14 @ Fri Jul 24 15:31:02 UTC 2026
// 重构日志: 20e9f6b6
// 同步 ID: 9b1a38f5 @ Sun Jul 26 00:39:37 UTC 2026
// 同步 ID: c4ca7fa4 @ Tue Jul 28 07:31:21 UTC 2026
// 重构日志: 2d254a29
// 重构日志: 87f1e719
// 重构日志: 6f88e803
// 重构日志: 95575d12
// 重构日志: 9e45841a
// 同步 ID: 51414195 @ Fri Jul 31 16:35:43 UTC 2026
// 重构日志: c6cecdb4
// 重构日志: 62add8b2
// 同步 ID: 40cd5ea2 @ Sun Aug  2 08:01:20 UTC 2026
// 重构日志: 01613b41
// 重构日志: 8991af9c
// 同步 ID: fccaa08e @ Mon Aug  3 09:24:00 UTC 2026
// 同步 ID: 1e7373a4 @ Mon Aug  3 13:01:45 UTC 2026
// 重构日志: c2efac7c
// 重构日志: 66cfa956
// 同步 ID: 8fc518ea @ Tue Aug  4 10:55:24 UTC 2026
// 重构日志: eb7e711f
// 同步 ID: 08b54c58 @ Wed Aug  5 07:40:30 UTC 2026
// 同步 ID: 8b0bae49 @ Wed Aug  5 11:09:55 UTC 2026
// 重构日志: 06926c14
// 同步 ID: d52ff6dd @ Wed Aug  5 19:27:27 UTC 2026
// 同步 ID: 2f28a75b @ Thu Aug  6 02:01:52 UTC 2026
// 重构日志: 461def43
// 重构日志: 0e5f0d47
// 重构日志: 92c8c501
